// Vitest Snapshot v1, https://vitest.dev/guide/snapshot.html

exports[`PRD Generator Tool Executor > should generate PRD content matching snapshot > PRD Generator Content 1`] = `
"# PRD: A sample product for snapshot

## Section 1
Details...
## Section 2
More details..."
`;
